// Jest Snapshot v1, https://goo.gl/fbAQLP

exports[`App component tests App renders with Notifications component 1`] = `false`;
