// Jest Snapshot v1, https://goo.gl/fbAQLP

exports[`Notifications component testing Notifications renders without crashing 1`] = `ShallowWrapper {}`;
