// Jest Snapshot v1, https://goo.gl/fbAQLP

exports[`Login component testing Login renders without crashing 1`] = `ShallowWrapper {}`;
