// Jest Snapshot v1, https://goo.gl/fbAQLP

exports[`CourseListRow component test renders without crashing 1`] = `ShallowWrapper {}`;
