// Jest Snapshot v1, https://goo.gl/fbAQLP

exports[`Footer component testing Footer renders without crashing 1`] = `ShallowWrapper {}`;
